  .   ____          _            __ _ _
 /\\ / ___'_ __ _ _(_)_ __  __ _ \ \ \ \
( ( )\___ | '_ | '_| | '_ \/ _` | \ \ \ \
 \\/  ___)| |_)| | | | | || (_| |  ) ) ) )
  '  |____| .__|_| |_|_| |_\__, | / / / /
 =========|_|==============|___/=/_/_/_/

 :: Spring Boot ::                (v3.3.0)

2026-07-29T18:06:16.888+02:00  INFO 61659 --- [Prompt Manager Backend] [           main] c.p.PromptManagerApplication             : Starting PromptManagerApplication v1.0.0 using Java 21.0.12 with PID 61659 (/Users/ankur/ws/my/prompt-library/backend/target/prompt-manager-backend-1.0.0.jar started by ankur in /Users/ankur/ws/my/prompt-library/backend)
2026-07-29T18:06:16.890+02:00 DEBUG 61659 --- [Prompt Manager Backend] [           main] c.p.PromptManagerApplication             : Running with Spring Boot v3.3.0, Spring v6.1.8
2026-07-29T18:06:16.890+02:00  INFO 61659 --- [Prompt Manager Backend] [           main] c.p.PromptManagerApplication             : The following 1 profile is active: "dev"
2026-07-29T18:06:17.540+02:00  INFO 61659 --- [Prompt Manager Backend] [           main] .s.d.r.c.RepositoryConfigurationDelegate : Bootstrapping Spring Data JPA repositories in DEFAULT mode.
2026-07-29T18:06:17.569+02:00  INFO 61659 --- [Prompt Manager Backend] [           main] .s.d.r.c.RepositoryConfigurationDelegate : Finished Spring Data repository scanning in 25 ms. Found 2 JPA repository interfaces.
2026-07-29T18:06:18.020+02:00  INFO 61659 --- [Prompt Manager Backend] [           main] o.s.b.w.embedded.tomcat.TomcatWebServer  : Tomcat initialized with port 8080 (http)
2026-07-29T18:06:18.026+02:00  INFO 61659 --- [Prompt Manager Backend] [           main] o.apache.catalina.core.StandardService   : Starting service [Tomcat]
2026-07-29T18:06:18.026+02:00  INFO 61659 --- [Prompt Manager Backend] [           main] o.apache.catalina.core.StandardEngine    : Starting Servlet engine: [Apache Tomcat/10.1.24]
2026-07-29T18:06:18.042+02:00  INFO 61659 --- [Prompt Manager Backend] [           main] o.a.c.c.C.[Tomcat].[localhost].[/api]    : Initializing Spring embedded WebApplicationContext
2026-07-29T18:06:18.043+02:00  INFO 61659 --- [Prompt Manager Backend] [           main] w.s.c.ServletWebServerApplicationContext : Root WebApplicationContext: initialization completed in 1103 ms
2026-07-29T18:06:18.141+02:00  INFO 61659 --- [Prompt Manager Backend] [           main] com.zaxxer.hikari.HikariDataSource       : HikariPool-1 - Starting...
2026-07-29T18:06:18.242+02:00  INFO 61659 --- [Prompt Manager Backend] [           main] com.zaxxer.hikari.pool.HikariPool        : HikariPool-1 - Added connection conn0: url=jdbc:h2:mem:promptdb user=SA
2026-07-29T18:06:18.243+02:00  INFO 61659 --- [Prompt Manager Backend] [           main] com.zaxxer.hikari.HikariDataSource       : HikariPool-1 - Start completed.
2026-07-29T18:06:18.249+02:00  INFO 61659 --- [Prompt Manager Backend] [           main] o.s.b.a.h2.H2ConsoleAutoConfiguration    : H2 console available at '/h2-console'. Database available at 'jdbc:h2:mem:promptdb'
2026-07-29T18:06:18.357+02:00  INFO 61659 --- [Prompt Manager Backend] [           main] o.hibernate.jpa.internal.util.LogHelper  : HHH000204: Processing PersistenceUnitInfo [name: default]
2026-07-29T18:06:18.385+02:00  INFO 61659 --- [Prompt Manager Backend] [           main] org.hibernate.Version                    : HHH000412: Hibernate ORM core version 6.5.2.Final
2026-07-29T18:06:18.403+02:00  INFO 61659 --- [Prompt Manager Backend] [           main] o.h.c.internal.RegionFactoryInitiator    : HHH000026: Second-level cache disabled
2026-07-29T18:06:18.552+02:00  INFO 61659 --- [Prompt Manager Backend] [           main] o.s.o.j.p.SpringPersistenceUnitInfo      : No LoadTimeWeaver setup: ignoring JPA class transformer
2026-07-29T18:06:18.576+02:00  WARN 61659 --- [Prompt Manager Backend] [           main] org.hibernate.orm.deprecation            : HHH90000025: H2Dialect does not need to be specified explicitly using 'hibernate.dialect' (remove the property setting and it will be selected by default)
2026-07-29T18:06:19.070+02:00  INFO 61659 --- [Prompt Manager Backend] [           main] o.h.e.t.j.p.i.JtaPlatformInitiator       : HHH000489: No JTA platform available (set 'hibernate.transaction.jta.platform' to enable JTA platform integration)
2026-07-29T18:06:19.079+02:00 DEBUG 61659 --- [Prompt Manager Backend] [           main] org.hibernate.SQL                        : 
    drop table if exists prompts cascade 
2026-07-29T18:06:19.081+02:00 DEBUG 61659 --- [Prompt Manager Backend] [           main] org.hibernate.SQL                        : 
    drop table if exists users cascade 
2026-07-29T18:06:19.083+02:00 DEBUG 61659 --- [Prompt Manager Backend] [           main] org.hibernate.SQL                        : 
    create table prompts (
        version integer not null,
        created_at timestamp(6) not null,
        id bigint generated by default as identity,
        updated_at timestamp(6) not null,
        user_id bigint not null,
        author varchar(100) not null,
        category varchar(100),
        description varchar(500),
        content TEXT not null,
        title varchar(255) not null,
        primary key (id)
    )
2026-07-29T18:06:19.089+02:00 DEBUG 61659 --- [Prompt Manager Backend] [           main] org.hibernate.SQL                        : 
    create table users (
        is_active boolean not null,
        created_at timestamp(6) not null,
        id bigint generated by default as identity,
        api_key varchar(36) not null unique,
        username varchar(100) not null unique,
        email varchar(255),
        password varchar(255) not null,
        role enum ('ADMIN','USER') not null,
        primary key (id)
    )
2026-07-29T18:06:19.093+02:00  INFO 61659 --- [Prompt Manager Backend] [           main] j.LocalContainerEntityManagerFactoryBean : Initialized JPA EntityManagerFactory for persistence unit 'default'
2026-07-29T18:06:19.315+02:00 DEBUG 61659 --- [Prompt Manager Backend] [           main] c.p.security.ApiKeyAuthenticationFilter  : Filter 'apiKeyAuthenticationFilter' configured for use
2026-07-29T18:06:19.392+02:00  WARN 61659 --- [Prompt Manager Backend] [           main] JpaBaseConfiguration$JpaWebConfiguration : spring.jpa.open-in-view is enabled by default. Therefore, database queries may be performed during view rendering. Explicitly configure spring.jpa.open-in-view to disable this warning
2026-07-29T18:06:19.412+02:00  WARN 61659 --- [Prompt Manager Backend] [           main] .s.s.UserDetailsServiceAutoConfiguration : 

Using generated security password: cf877380-f1aa-4309-9ee1-e02a3a4680bf

This generated password is for development use only. Your security configuration must be updated before running your application in production.

2026-07-29T18:06:19.417+02:00  INFO 61659 --- [Prompt Manager Backend] [           main] r$InitializeUserDetailsManagerConfigurer : Global AuthenticationManager configured with UserDetailsService bean with name inMemoryUserDetailsManager
2026-07-29T18:06:19.661+02:00  INFO 61659 --- [Prompt Manager Backend] [           main] o.s.b.a.e.web.EndpointLinksResolver      : Exposing 2 endpoints beneath base path '/actuator'
2026-07-29T18:06:19.710+02:00  INFO 61659 --- [Prompt Manager Backend] [           main] o.s.s.web.DefaultSecurityFilterChain     : Will secure any request with [org.springframework.security.web.session.DisableEncodeUrlFilter@23ba2c1e, org.springframework.security.web.context.request.async.WebAsyncManagerIntegrationFilter@5ed1bc4f, org.springframework.security.web.context.SecurityContextHolderFilter@57e83608, org.springframework.security.web.header.HeaderWriterFilter@741f8cf, org.springframework.web.filter.CorsFilter@63b334fd, org.springframework.security.web.authentication.logout.LogoutFilter@7127f04b, com.promptmanager.security.ApiKeyAuthenticationFilter@5e8684a3, org.springframework.security.web.savedrequest.RequestCacheAwareFilter@4700db93, org.springframework.security.web.servletapi.SecurityContextHolderAwareRequestFilter@70c6c6a7, org.springframework.security.web.authentication.AnonymousAuthenticationFilter@753248f8, org.springframework.security.web.session.SessionManagementFilter@4b4b02d, org.springframework.security.web.access.ExceptionTranslationFilter@88fe9a8, org.springframework.security.web.access.intercept.AuthorizationFilter@17db90a7]
2026-07-29T18:06:19.971+02:00  WARN 61659 --- [Prompt Manager Backend] [           main] ConfigServletWebServerApplicationContext : Exception encountered during context initialization - cancelling refresh attempt: org.springframework.context.ApplicationContextException: Failed to start bean 'webServerStartStop'
2026-07-29T18:06:19.973+02:00  INFO 61659 --- [Prompt Manager Backend] [           main] j.LocalContainerEntityManagerFactoryBean : Closing JPA EntityManagerFactory for persistence unit 'default'
2026-07-29T18:06:19.974+02:00 DEBUG 61659 --- [Prompt Manager Backend] [           main] org.hibernate.SQL                        : 
    drop table if exists prompts cascade 
2026-07-29T18:06:19.974+02:00 DEBUG 61659 --- [Prompt Manager Backend] [           main] org.hibernate.SQL                        : 
    drop table if exists users cascade 
2026-07-29T18:06:19.976+02:00  INFO 61659 --- [Prompt Manager Backend] [           main] com.zaxxer.hikari.HikariDataSource       : HikariPool-1 - Shutdown initiated...
2026-07-29T18:06:19.978+02:00  INFO 61659 --- [Prompt Manager Backend] [           main] com.zaxxer.hikari.HikariDataSource       : HikariPool-1 - Shutdown completed.
2026-07-29T18:06:19.990+02:00  INFO 61659 --- [Prompt Manager Backend] [           main] .s.b.a.l.ConditionEvaluationReportLogger : 

Error starting ApplicationContext. To display the condition evaluation report re-run your application with 'debug' enabled.
2026-07-29T18:06:20.002+02:00 ERROR 61659 --- [Prompt Manager Backend] [           main] o.s.b.d.LoggingFailureAnalysisReporter   : 

***************************
APPLICATION FAILED TO START
***************************

Description:

Web server failed to start. Port 8080 was already in use.

Action:

Identify and stop the process that's listening on port 8080 or configure this application to listen on another port.

